[Architectury Transformer] Architectury Runtime 5.2.91
[Architectury Transformer DEBUG] Closed File Systems for C:\Users\Aidan\IdeaProjects\SVC Holograms\common\build\devlibs\svc-common-1.0-SNAPSHOT-dev.jar
[Architectury Transformer DEBUG] Preparing tiny remapper prepared transformer: dev.architectury.transformer.handler.TinyRemapperPreparedTransformerHandler
[Architectury Transformer DEBUG] Provided 111 classpath jar(s):
[Architectury Transformer DEBUG]  - C:\Users\Aidan\.gradle\caches\modules-2\files-2.1\dev.architectury\architectury-injectables\1.0.10\62db2a366d662606d1b23ad02ccc3212ed37ec3\architectury-injectables-1.0.10.jar
[Architectury Transformer DEBUG]  - C:\Users\Aidan\.gradle\caches\modules-2\files-2.1\net.fabricmc\fabric-loader\0.19.2\cc647a5b22dbc49b9a3267cebcee25fc4882b108\fabric-loader-0.19.2.jar
[Architectury Transformer DEBUG]  - C:\Users\Aidan\.gradle\caches\modules-2\files-2.1\org.jetbrains\annotations\26.0.2\c7ce3cdeda3d18909368dfe5977332dfad326c6d\annotations-26.0.2.jar
[Architectury Transformer DEBUG]  - C:\Users\Aidan\.gradle\caches\modules-2\files-2.1\org.ow2.asm\asm\9.9\c29635c8a7afa03d74b33c1884df8abb2b3f3dcc\asm-9.9.jar
[Architectury Transformer DEBUG]  - C:\Users\Aidan\.gradle\caches\modules-2\files-2.1\org.ow2.asm\asm-analysis\9.9\bf4fa6e66638851c1cd22c2caea0c3ee5d5f437\asm-analysis-9.9.jar
[Architectury Transformer DEBUG]  - C:\Users\Aidan\.gradle\caches\modules-2\files-2.1\org.ow2.asm\asm-commons\9.9\db9165a3bf908ded6b08612d583a15d1d0c7bda0\asm-commons-9.9.jar
[Architectury Transformer DEBUG]  - C:\Users\Aidan\.gradle\caches\modules-2\files-2.1\org.ow2.asm\asm-tree\9.9\f8de6eead6d24dd0f45bd065bbe112b2cda6ea21\asm-tree-9.9.jar
[Architectury Transformer DEBUG]  - C:\Users\Aidan\.gradle\caches\modules-2\files-2.1\org.ow2.asm\asm-util\9.9\42fdfc0508b43807c8078d6e82ecff2ce2112ae8\asm-util-9.9.jar
[Architectury Transformer DEBUG]  - C:\Users\Aidan\.gradle\caches\modules-2\files-2.1\net.fabricmc\sponge-mixin\0.17.2+mixin.0.8.7\edf98d1d98229e46e36c61774ae2b54dcd852981\sponge-mixin-0.17.2+mixin.0.8.7.jar
[Architectury Transformer DEBUG]  - C:\Users\Aidan\.gradle\caches\modules-2\files-2.1\io.github.llamalad7\mixinextras-fabric\0.5.4\5e167154bcb9942111313a5e186e16cd7265f858\mixinextras-fabric-0.5.4.jar
[Architectury Transformer DEBUG]  - C:\Users\Aidan\.gradle\caches\modules-2\files-2.1\com.github.oshi\oshi-core\6.2.2\54f5efc19bca95d709d9a37d19ffcbba3d21c1a6\oshi-core-6.2.2.jar
[Architectury Transformer DEBUG]  - C:\Users\Aidan\.gradle\caches\modules-2\files-2.1\com.google.code.gson\gson\2.10\dd9b193aef96e973d5a11ab13cd17430c2e4306b\gson-2.10.jar
[Architectury Transformer DEBUG]  - C:\Users\Aidan\.gradle\caches\modules-2\files-2.1\com.google.guava\failureaccess\1.0.1\1dcf1de382a0bf95a3d8b0849546c88bac1292c9\failureaccess-1.0.1.jar
[Architectury Transformer DEBUG]  - C:\Users\Aidan\.gradle\caches\modules-2\files-2.1\com.google.guava\guava\31.1-jre\60458f877d055d0c9114d9e1a2efb737b4bc282c\guava-31.1-jre.jar
[Architectury Transformer DEBUG]  - C:\Users\Aidan\.gradle\caches\modules-2\files-2.1\com.ibm.icu\icu4j\71.1\9e7d3304c23f9ba5cb71915f7cce23231a57a445\icu4j-71.1.jar
[Architectury Transformer DEBUG]  - C:\Users\Aidan\.gradle\caches\modules-2\files-2.1\com.mojang\authlib\4.0.43\2ff9d747a77570a07a60d32ac77eb6162ad2a2d9\authlib-4.0.43.jar
[Architectury Transformer DEBUG]  - C:\Users\Aidan\.gradle\caches\modules-2\files-2.1\com.mojang\blocklist\1.0.10\5c685c5ffa94c4cd39496c7184c1d122e515ecef\blocklist-1.0.10.jar
[Architectury Transformer DEBUG]  - C:\Users\Aidan\.gradle\caches\modules-2\files-2.1\com.mojang\brigadier\1.1.8\5244ce82c3337bba4a196a3ce858bfaecc74404a\brigadier-1.1.8.jar
[Architectury Transformer DEBUG]  - C:\Users\Aidan\.gradle\caches\modules-2\files-2.1\com.mojang\datafixerupper\6.0.8\3ba4a30557a9b057760af4011f909ba619fc5125\datafixerupper-6.0.8.jar
[Architectury Transformer DEBUG]  - C:\Users\Aidan\.gradle\caches\modules-2\files-2.1\com.mojang\logging\1.1.1\832b8e6674a9b325a5175a3a6267dfaf34c85139\logging-1.1.1.jar
[Architectury Transformer DEBUG]  - C:\Users\Aidan\.gradle\caches\modules-2\files-2.1\com.mojang\patchy\2.2.10\da05971b07cbb379d002cf7eaec6a2048211fefc\patchy-2.2.10.jar
[Architectury Transformer DEBUG]  - C:\Users\Aidan\.gradle\caches\modules-2\files-2.1\com.mojang\text2speech\1.17.9\3cad216e3a7f0c19b4b394388bc9ffc446f13b14\text2speech-1.17.9.jar
[Architectury Transformer DEBUG]  - C:\Users\Aidan\.gradle\caches\modules-2\files-2.1\commons-codec\commons-codec\1.15\49d94806b6e3dc933dacbd8acb0fdbab8ebd1e5d\commons-codec-1.15.jar
[Architectury Transformer DEBUG]  - C:\Users\Aidan\.gradle\caches\modules-2\files-2.1\commons-io\commons-io\2.11.0\a2503f302b11ebde7ebc3df41daebe0e4eea3689\commons-io-2.11.0.jar
[Architectury Transformer DEBUG]  - C:\Users\Aidan\.gradle\caches\modules-2\files-2.1\commons-logging\commons-logging\1.2\4bfc12adfe4842bf07b657f0369c4cb522955686\commons-logging-1.2.jar
[Architectury Transformer DEBUG]  - C:\Users\Aidan\.gradle\caches\modules-2\files-2.1\io.netty\netty-buffer\4.1.82.Final\a544270cf1ae8b8077082f5036436a9a9971ea71\netty-buffer-4.1.82.Final.jar
[Architectury Transformer DEBUG]  - C:\Users\Aidan\.gradle\caches\modules-2\files-2.1\io.netty\netty-codec\4.1.82.Final\b77200379acb345a9ffdece1c605e591ac3e4e0a\netty-codec-4.1.82.Final.jar
[Architectury Transformer DEBUG]  - C:\Users\Aidan\.gradle\caches\modules-2\files-2.1\io.netty\netty-common\4.1.82.Final\22d148e85c3f5ebdacc0ce1f5aabb1d420f73f3\netty-common-4.1.82.Final.jar
[Architectury Transformer DEBUG]  - C:\Users\Aidan\.gradle\caches\modules-2\files-2.1\io.netty\netty-handler\4.1.82.Final\644041d1fa96a5d3130a29e8978630d716d76e38\netty-handler-4.1.82.Final.jar
[Architectury Transformer DEBUG]  - C:\Users\Aidan\.gradle\caches\modules-2\files-2.1\io.netty\netty-resolver\4.1.82.Final\38f665ae8dcd29032eea31245ba7806bed2e0fa8\netty-resolver-4.1.82.Final.jar
[Architectury Transformer DEBUG]  - C:\Users\Aidan\.gradle\caches\modules-2\files-2.1\io.netty\netty-transport-classes-epoll\4.1.82.Final\e7c7dd18deac93105797f30057c912651ea76521\netty-transport-classes-epoll-4.1.82.Final.jar
[Architectury Transformer DEBUG]  - C:\Users\Aidan\.gradle\caches\modules-2\files-2.1\io.netty\netty-transport-native-unix-common\4.1.82.Final\3e895b35ca1b8a0eca56cacff4c2dde5d2c6abce\netty-transport-native-unix-common-4.1.82.Final.jar
[Architectury Transformer DEBUG]  - C:\Users\Aidan\.gradle\caches\modules-2\files-2.1\io.netty\netty-transport\4.1.82.Final\e431a218d91acb6476ccad5f5aafde50aa3945ca\netty-transport-4.1.82.Final.jar
[Architectury Transformer DEBUG]  - C:\Users\Aidan\.gradle\caches\modules-2\files-2.1\it.unimi.dsi\fastutil\8.5.9\bb7ea75ecdb216654237830b3a96d87ad91f8cc5\fastutil-8.5.9.jar
[Architectury Transformer DEBUG]  - C:\Users\Aidan\.gradle\caches\modules-2\files-2.1\net.java.dev.jna\jna-platform\5.12.1\97406a297c852f4a41e688a176ec675f72e8329\jna-platform-5.12.1.jar
[Architectury Transformer DEBUG]  - C:\Users\Aidan\.gradle\caches\modules-2\files-2.1\net.java.dev.jna\jna\5.12.1\b1e93a735caea94f503e95e6fe79bf9cdc1e985d\jna-5.12.1.jar
[Architectury Transformer DEBUG]  - C:\Users\Aidan\.gradle\caches\modules-2\files-2.1\net.sf.jopt-simple\jopt-simple\5.0.4\4fdac2fbe92dfad86aa6e9301736f6b4342a3f5c\jopt-simple-5.0.4.jar
[Architectury Transformer DEBUG]  - C:\Users\Aidan\.gradle\caches\modules-2\files-2.1\org.apache.commons\commons-compress\1.21\4ec95b60d4e86b5c95a0e919cb172a0af98011ef\commons-compress-1.21.jar
[Architectury Transformer DEBUG]  - C:\Users\Aidan\.gradle\caches\modules-2\files-2.1\org.apache.commons\commons-lang3\3.12.0\c6842c86792ff03b9f1d1fe2aab8dc23aa6c6f0e\commons-lang3-3.12.0.jar
[Architectury Transformer DEBUG]  - C:\Users\Aidan\.gradle\caches\modules-2\files-2.1\org.apache.httpcomponents\httpclient\4.5.13\e5f6cae5ca7ecaac1ec2827a9e2d65ae2869cada\httpclient-4.5.13.jar
[Architectury Transformer DEBUG]  - C:\Users\Aidan\.gradle\caches\modules-2\files-2.1\org.apache.httpcomponents\httpcore\4.4.15\7f2e0c573eaa7a74bac2e89b359e1f73d92a0a1d\httpcore-4.4.15.jar
[Architectury Transformer DEBUG]  - C:\Users\Aidan\.gradle\caches\modules-2\files-2.1\org.apache.logging.log4j\log4j-api\2.19.0\ea1b37f38c327596b216542bc636cfdc0b8036fa\log4j-api-2.19.0.jar
[Architectury Transformer DEBUG]  - C:\Users\Aidan\.gradle\caches\modules-2\files-2.1\org.apache.logging.log4j\log4j-core\2.19.0\3b6eeb4de4c49c0fe38a4ee27188ff5fee44d0bb\log4j-core-2.19.0.jar
[Architectury Transformer DEBUG]  - C:\Users\Aidan\.gradle\caches\modules-2\files-2.1\org.apache.logging.log4j\log4j-slf4j2-impl\2.19.0\5c04bfdd63ce9dceb2e284b81e96b6a70010ee10\log4j-slf4j2-impl-2.19.0.jar
[Architectury Transformer DEBUG]  - C:\Users\Aidan\.gradle\caches\modules-2\files-2.1\org.joml\joml\1.10.5\22566d58af70ad3d72308bab63b8339906deb649\joml-1.10.5.jar
[Architectury Transformer DEBUG]  - C:\Users\Aidan\.gradle\caches\modules-2\files-2.1\org.lwjgl\lwjgl-glfw\3.3.1\cbac1b8d30cb4795149c1ef540f912671a8616d0\lwjgl-glfw-3.3.1.jar
[Architectury Transformer DEBUG]  - C:\Users\Aidan\.gradle\caches\modules-2\files-2.1\org.lwjgl\lwjgl-jemalloc\3.3.1\a817bcf213db49f710603677457567c37d53e103\lwjgl-jemalloc-3.3.1.jar
[Architectury Transformer DEBUG]  - C:\Users\Aidan\.gradle\caches\modules-2\files-2.1\org.lwjgl\lwjgl-openal\3.3.1\2623a6b8ae1dfcd880738656a9f0243d2e6840bd\lwjgl-openal-3.3.1.jar
[Architectury Transformer DEBUG]  - C:\Users\Aidan\.gradle\caches\modules-2\files-2.1\org.lwjgl\lwjgl-opengl\3.3.1\831a5533a21a5f4f81bbc51bb13e9899319b5411\lwjgl-opengl-3.3.1.jar
[Architectury Transformer DEBUG]  - C:\Users\Aidan\.gradle\caches\modules-2\files-2.1\org.lwjgl\lwjgl-stb\3.3.1\b119297cf8ed01f247abe8685857f8e7fcf5980f\lwjgl-stb-3.3.1.jar
[Architectury Transformer DEBUG]  - C:\Users\Aidan\.gradle\caches\modules-2\files-2.1\org.lwjgl\lwjgl-tinyfd\3.3.1\ff1914111ef2e3e0110ef2dabc8d8cdaad82347\lwjgl-tinyfd-3.3.1.jar
[Architectury Transformer DEBUG]  - C:\Users\Aidan\.gradle\caches\modules-2\files-2.1\org.lwjgl\lwjgl\3.3.1\ae58664f88e18a9bb2c77b063833ca7aaec484cb\lwjgl-3.3.1.jar
[Architectury Transformer DEBUG]  - C:\Users\Aidan\.gradle\caches\modules-2\files-2.1\org.slf4j\slf4j-api\2.0.1\f48d81adce2abf5ad3cfe463df517952749e03bc\slf4j-api-2.0.1.jar
[Architectury Transformer DEBUG]  - C:\Users\Aidan\IdeaProjects\SVC Holograms\.gradle\loom-cache\minecraftMaven\net\minecraft\minecraft-merged-64066463a3\1.20.1-loom.mappings.1_20_1.layered+hash.1900676243-v2\minecraft-merged-64066463a3-1.20.1-loom.mappings.1_20_1.layered+hash.1900676243-v2.jar
[Architectury Transformer DEBUG]  - C:\Users\Aidan\.gradle\caches\modules-2\files-2.1\io.netty\netty-transport-native-epoll\4.1.82.Final\c7350a71920f3ae9142945e25fed4846cce53374\netty-transport-native-epoll-4.1.82.Final-linux-x86_64.jar
[Architectury Transformer DEBUG]  - C:\Users\Aidan\.gradle\caches\modules-2\files-2.1\io.netty\netty-transport-native-epoll\4.1.82.Final\476409d6255001ca53a55f65b01c13822f8dc93a\netty-transport-native-epoll-4.1.82.Final-linux-aarch_64.jar
[Architectury Transformer DEBUG]  - C:\Users\Aidan\IdeaProjects\SVC Holograms\.gradle\loom-cache\remapped_mods\remapped\net\fabricmc\fabric-api\fabric-api-dd7674af\0.92.9+1.20.1\fabric-api-dd7674af-0.92.9+1.20.1.jar
[Architectury Transformer DEBUG]  - C:\Users\Aidan\IdeaProjects\SVC Holograms\.gradle\loom-cache\remapped_mods\remapped\dev\architectury\architectury-fabric-dd7674af\9.2.14\architectury-fabric-dd7674af-9.2.14.jar
[Architectury Transformer DEBUG]  - C:\Users\Aidan\IdeaProjects\SVC Holograms\.gradle\loom-cache\remapped_mods\remapped\net\fabricmc\fabric-api\fabric-transfer-api-v1-dd7674af\3.3.6+8dd72ea377\fabric-transfer-api-v1-dd7674af-3.3.6+8dd72ea377.jar
[Architectury Transformer DEBUG]  - C:\Users\Aidan\IdeaProjects\SVC Holograms\.gradle\loom-cache\remapped_mods\remapped\net\fabricmc\fabric-api\fabric-api-lookup-api-v1-dd7674af\1.6.37+1802ada577\fabric-api-lookup-api-v1-dd7674af-1.6.37+1802ada577.jar
[Architectury Transformer DEBUG]  - C:\Users\Aidan\IdeaProjects\SVC Holograms\.gradle\loom-cache\remapped_mods\remapped\net\fabricmc\fabric-api\fabric-blockrenderlayer-v1-dd7674af\1.1.42+1802ada577\fabric-blockrenderlayer-v1-dd7674af-1.1.42+1802ada577.jar
[Architectury Transformer DEBUG]  - C:\Users\Aidan\IdeaProjects\SVC Holograms\.gradle\loom-cache\remapped_mods\remapped\net\fabricmc\fabric-api\fabric-client-tags-api-v1-dd7674af\1.1.3+1802ada577\fabric-client-tags-api-v1-dd7674af-1.1.3+1802ada577.jar
[Architectury Transformer DEBUG]  - C:\Users\Aidan\IdeaProjects\SVC Holograms\.gradle\loom-cache\remapped_mods\remapped\net\fabricmc\fabric-api\fabric-command-api-v1-dd7674af\1.2.35+f71b366f77\fabric-command-api-v1-dd7674af-1.2.35+f71b366f77.jar
[Architectury Transformer DEBUG]  - C:\Users\Aidan\IdeaProjects\SVC Holograms\.gradle\loom-cache\remapped_mods\remapped\net\fabricmc\fabric-api\fabric-commands-v0-dd7674af\0.2.52+df3654b377\fabric-commands-v0-dd7674af-0.2.52+df3654b377.jar
[Architectury Transformer DEBUG]  - C:\Users\Aidan\IdeaProjects\SVC Holograms\.gradle\loom-cache\remapped_mods\remapped\net\fabricmc\fabric-api\fabric-command-api-v2-dd7674af\2.2.14+1802ada577\fabric-command-api-v2-dd7674af-2.2.14+1802ada577.jar
[Architectury Transformer DEBUG]  - C:\Users\Aidan\IdeaProjects\SVC Holograms\.gradle\loom-cache\remapped_mods\remapped\net\fabricmc\fabric-api\fabric-content-registries-v0-dd7674af\4.0.13+1802ada577\fabric-content-registries-v0-dd7674af-4.0.13+1802ada577.jar
[Architectury Transformer DEBUG]  - C:\Users\Aidan\IdeaProjects\SVC Holograms\.gradle\loom-cache\remapped_mods\remapped\net\fabricmc\fabric-api\fabric-convention-tags-v1-dd7674af\1.5.6+1802ada577\fabric-convention-tags-v1-dd7674af-1.5.6+1802ada577.jar
[Architectury Transformer DEBUG]  - C:\Users\Aidan\IdeaProjects\SVC Holograms\.gradle\loom-cache\remapped_mods\remapped\net\fabricmc\fabric-api\fabric-data-attachment-api-v1-dd7674af\1.0.2+de0fd6d177\fabric-data-attachment-api-v1-dd7674af-1.0.2+de0fd6d177.jar
[Architectury Transformer DEBUG]  - C:\Users\Aidan\IdeaProjects\SVC Holograms\.gradle\loom-cache\remapped_mods\remapped\net\fabricmc\fabric-api\fabric-data-generation-api-v1-dd7674af\12.3.9+1802ada577\fabric-data-generation-api-v1-dd7674af-12.3.9+1802ada577.jar
[Architectury Transformer DEBUG]  - C:\Users\Aidan\IdeaProjects\SVC Holograms\.gradle\loom-cache\remapped_mods\remapped\net\fabricmc\fabric-api\fabric-dimensions-v1-dd7674af\2.1.55+1802ada577\fabric-dimensions-v1-dd7674af-2.1.55+1802ada577.jar
[Architectury Transformer DEBUG]  - C:\Users\Aidan\IdeaProjects\SVC Holograms\.gradle\loom-cache\remapped_mods\remapped\net\fabricmc\fabric-api\fabric-entity-events-v1-dd7674af\1.6.1+1c78457f77\fabric-entity-events-v1-dd7674af-1.6.1+1c78457f77.jar
[Architectury Transformer DEBUG]  - C:\Users\Aidan\IdeaProjects\SVC Holograms\.gradle\loom-cache\remapped_mods\remapped\net\fabricmc\fabric-api\fabric-events-interaction-v0-dd7674af\0.6.6+13a40c6677\fabric-events-interaction-v0-dd7674af-0.6.6+13a40c6677.jar
[Architectury Transformer DEBUG]  - C:\Users\Aidan\IdeaProjects\SVC Holograms\.gradle\loom-cache\remapped_mods\remapped\net\fabricmc\fabric-api\fabric-gametest-api-v1-dd7674af\1.2.15+1802ada577\fabric-gametest-api-v1-dd7674af-1.2.15+1802ada577.jar
[Architectury Transformer DEBUG]  - C:\Users\Aidan\IdeaProjects\SVC Holograms\.gradle\loom-cache\remapped_mods\remapped\net\fabricmc\fabric-api\fabric-events-lifecycle-v0-dd7674af\0.2.64+df3654b377\fabric-events-lifecycle-v0-dd7674af-0.2.64+df3654b377.jar
[Architectury Transformer DEBUG]  - C:\Users\Aidan\IdeaProjects\SVC Holograms\.gradle\loom-cache\remapped_mods\remapped\net\fabricmc\fabric-api\fabric-item-api-v1-dd7674af\2.1.29+1802ada577\fabric-item-api-v1-dd7674af-2.1.29+1802ada577.jar
[Architectury Transformer DEBUG]  - C:\Users\Aidan\IdeaProjects\SVC Holograms\.gradle\loom-cache\remapped_mods\remapped\net\fabricmc\fabric-api\fabric-item-group-api-v1-dd7674af\4.0.14+1802ada577\fabric-item-group-api-v1-dd7674af-4.0.14+1802ada577.jar
[Architectury Transformer DEBUG]  - C:\Users\Aidan\IdeaProjects\SVC Holograms\.gradle\loom-cache\remapped_mods\remapped\net\fabricmc\fabric-api\fabric-mining-level-api-v1-dd7674af\2.1.52+1802ada577\fabric-mining-level-api-v1-dd7674af-2.1.52+1802ada577.jar
[Architectury Transformer DEBUG]  - C:\Users\Aidan\IdeaProjects\SVC Holograms\.gradle\loom-cache\remapped_mods\remapped\net\fabricmc\fabric-api\fabric-lifecycle-events-v1-dd7674af\2.2.23+1802ada577\fabric-lifecycle-events-v1-dd7674af-2.2.23+1802ada577.jar
[Architectury Transformer DEBUG]  - C:\Users\Aidan\IdeaProjects\SVC Holograms\.gradle\loom-cache\remapped_mods\remapped\net\fabricmc\fabric-api\fabric-loot-tables-v1-dd7674af\1.1.47+9e7660c677\fabric-loot-tables-v1-dd7674af-1.1.47+9e7660c677.jar
[Architectury Transformer DEBUG]  - C:\Users\Aidan\IdeaProjects\SVC Holograms\.gradle\loom-cache\remapped_mods\remapped\net\fabricmc\fabric-api\fabric-loot-api-v2-dd7674af\1.2.3+1802ada577\fabric-loot-api-v2-dd7674af-1.2.3+1802ada577.jar
[Architectury Transformer DEBUG]  - C:\Users\Aidan\IdeaProjects\SVC Holograms\.gradle\loom-cache\remapped_mods\remapped\net\fabricmc\fabric-api\fabric-message-api-v1-dd7674af\5.1.10+1802ada577\fabric-message-api-v1-dd7674af-5.1.10+1802ada577.jar
[Architectury Transformer DEBUG]  - C:\Users\Aidan\IdeaProjects\SVC Holograms\.gradle\loom-cache\remapped_mods\remapped\net\fabricmc\fabric-api\fabric-models-v0-dd7674af\0.4.3+9386d8a777\fabric-models-v0-dd7674af-0.4.3+9386d8a777.jar
[Architectury Transformer DEBUG]  - C:\Users\Aidan\IdeaProjects\SVC Holograms\.gradle\loom-cache\remapped_mods\remapped\net\fabricmc\fabric-api\fabric-model-loading-api-v1-dd7674af\1.0.4+1802ada577\fabric-model-loading-api-v1-dd7674af-1.0.4+1802ada577.jar
[Architectury Transformer DEBUG]  - C:\Users\Aidan\IdeaProjects\SVC Holograms\.gradle\loom-cache\remapped_mods\remapped\net\fabricmc\fabric-api\fabric-recipe-api-v1-dd7674af\1.0.25+1802ada577\fabric-recipe-api-v1-dd7674af-1.0.25+1802ada577.jar
[Architectury Transformer DEBUG]  - C:\Users\Aidan\IdeaProjects\SVC Holograms\.gradle\loom-cache\remapped_mods\remapped\net\fabricmc\fabric-api\fabric-registry-sync-v0-dd7674af\2.4.1+4c0a70e677\fabric-registry-sync-v0-dd7674af-2.4.1+4c0a70e677.jar
[Architectury Transformer DEBUG]  - C:\Users\Aidan\IdeaProjects\SVC Holograms\.gradle\loom-cache\remapped_mods\remapped\net\fabricmc\fabric-api\fabric-screen-handler-api-v1-dd7674af\1.3.34+1802ada577\fabric-screen-handler-api-v1-dd7674af-1.3.34+1802ada577.jar
[Architectury Transformer DEBUG]  - C:\Users\Aidan\IdeaProjects\SVC Holograms\.gradle\loom-cache\remapped_mods\remapped\net\fabricmc\fabric-api\fabric-containers-v0-dd7674af\0.1.68+df3654b377\fabric-containers-v0-dd7674af-0.1.68+df3654b377.jar
[Architectury Transformer DEBUG]  - C:\Users\Aidan\IdeaProjects\SVC Holograms\.gradle\loom-cache\remapped_mods\remapped\net\fabricmc\fabric-api\fabric-networking-v0-dd7674af\0.3.55+df3654b377\fabric-networking-v0-dd7674af-0.3.55+df3654b377.jar
[Architectury Transformer DEBUG]  - C:\Users\Aidan\IdeaProjects\SVC Holograms\.gradle\loom-cache\remapped_mods\remapped\net\fabricmc\fabric-api\fabric-networking-api-v1-dd7674af\1.3.15+0caff8d077\fabric-networking-api-v1-dd7674af-1.3.15+0caff8d077.jar
[Architectury Transformer DEBUG]  - C:\Users\Aidan\IdeaProjects\SVC Holograms\.gradle\loom-cache\remapped_mods\remapped\net\fabricmc\fabric-api\fabric-object-builder-api-v1-dd7674af\11.1.5+e35120df77\fabric-object-builder-api-v1-dd7674af-11.1.5+e35120df77.jar
[Architectury Transformer DEBUG]  - C:\Users\Aidan\IdeaProjects\SVC Holograms\.gradle\loom-cache\remapped_mods\remapped\net\fabricmc\fabric-api\fabric-particles-v1-dd7674af\1.1.3+1802ada577\fabric-particles-v1-dd7674af-1.1.3+1802ada577.jar
[Architectury Transformer DEBUG]  - C:\Users\Aidan\IdeaProjects\SVC Holograms\.gradle\loom-cache\remapped_mods\remapped\net\fabricmc\fabric-api\fabric-renderer-indigo-dd7674af\1.5.3+85287f9f77\fabric-renderer-indigo-dd7674af-1.5.3+85287f9f77.jar
[Architectury Transformer DEBUG]  - C:\Users\Aidan\IdeaProjects\SVC Holograms\.gradle\loom-cache\remapped_mods\remapped\net\fabricmc\fabric-api\fabric-renderer-api-v1-dd7674af\3.2.2+1802ada577\fabric-renderer-api-v1-dd7674af-3.2.2+1802ada577.jar
[Architectury Transformer DEBUG]  - C:\Users\Aidan\IdeaProjects\SVC Holograms\.gradle\loom-cache\remapped_mods\remapped\net\fabricmc\fabric-api\fabric-rendering-fluids-v1-dd7674af\3.0.29+1802ada577\fabric-rendering-fluids-v1-dd7674af-3.0.29+1802ada577.jar
[Architectury Transformer DEBUG]  - C:\Users\Aidan\IdeaProjects\SVC Holograms\.gradle\loom-cache\remapped_mods\remapped\net\fabricmc\fabric-api\fabric-renderer-registries-v1-dd7674af\3.2.47+df3654b377\fabric-renderer-registries-v1-dd7674af-3.2.47+df3654b377.jar
[Architectury Transformer DEBUG]  - C:\Users\Aidan\IdeaProjects\SVC Holograms\.gradle\loom-cache\remapped_mods\remapped\net\fabricmc\fabric-api\fabric-rendering-v0-dd7674af\1.1.50+df3654b377\fabric-rendering-v0-dd7674af-1.1.50+df3654b377.jar
[Architectury Transformer DEBUG]  - C:\Users\Aidan\IdeaProjects\SVC Holograms\.gradle\loom-cache\remapped_mods\remapped\net\fabricmc\fabric-api\fabric-rendering-v1-dd7674af\3.0.9+1802ada577\fabric-rendering-v1-dd7674af-3.0.9+1802ada577.jar
[Architectury Transformer DEBUG]  - C:\Users\Aidan\IdeaProjects\SVC Holograms\.gradle\loom-cache\remapped_mods\remapped\net\fabricmc\fabric-api\fabric-screen-api-v1-dd7674af\2.0.9+1802ada577\fabric-screen-api-v1-dd7674af-2.0.9+1802ada577.jar
[Architectury Transformer DEBUG]  - C:\Users\Aidan\IdeaProjects\SVC Holograms\.gradle\loom-cache\remapped_mods\remapped\net\fabricmc\fabric-api\fabric-api-base-dd7674af\0.4.32+1802ada577\fabric-api-base-dd7674af-0.4.32+1802ada577.jar
[Architectury Transformer DEBUG]  - C:\Users\Aidan\IdeaProjects\SVC Holograms\.gradle\loom-cache\remapped_mods\remapped\net\fabricmc\fabric-api\fabric-biome-api-v1-dd7674af\13.0.15+93aa238b77\fabric-biome-api-v1-dd7674af-13.0.15+93aa238b77.jar
[Architectury Transformer DEBUG]  - C:\Users\Aidan\IdeaProjects\SVC Holograms\.gradle\loom-cache\remapped_mods\remapped\net\fabricmc\fabric-api\fabric-block-api-v1-dd7674af\1.0.12+1802ada577\fabric-block-api-v1-dd7674af-1.0.12+1802ada577.jar
[Architectury Transformer DEBUG]  - C:\Users\Aidan\IdeaProjects\SVC Holograms\.gradle\loom-cache\remapped_mods\remapped\net\fabricmc\fabric-api\fabric-rendering-data-attachment-v1-dd7674af\0.3.39+92a0d36777\fabric-rendering-data-attachment-v1-dd7674af-0.3.39+92a0d36777.jar
[Architectury Transformer DEBUG]  - C:\Users\Aidan\IdeaProjects\SVC Holograms\.gradle\loom-cache\remapped_mods\remapped\net\fabricmc\fabric-api\fabric-block-view-api-v2-dd7674af\1.0.3+924f046a77\fabric-block-view-api-v2-dd7674af-1.0.3+924f046a77.jar
[Architectury Transformer DEBUG]  - C:\Users\Aidan\IdeaProjects\SVC Holograms\.gradle\loom-cache\remapped_mods\remapped\net\fabricmc\fabric-api\fabric-crash-report-info-v1-dd7674af\0.2.20+1802ada577\fabric-crash-report-info-v1-dd7674af-0.2.20+1802ada577.jar
[Architectury Transformer DEBUG]  - C:\Users\Aidan\IdeaProjects\SVC Holograms\.gradle\loom-cache\remapped_mods\remapped\net\fabricmc\fabric-api\fabric-game-rule-api-v1-dd7674af\1.0.41+1802ada577\fabric-game-rule-api-v1-dd7674af-1.0.41+1802ada577.jar
[Architectury Transformer DEBUG]  - C:\Users\Aidan\IdeaProjects\SVC Holograms\.gradle\loom-cache\remapped_mods\remapped\net\fabricmc\fabric-api\fabric-keybindings-v0-dd7674af\0.2.36+df3654b377\fabric-keybindings-v0-dd7674af-0.2.36+df3654b377.jar
[Architectury Transformer DEBUG]  - C:\Users\Aidan\IdeaProjects\SVC Holograms\.gradle\loom-cache\remapped_mods\remapped\net\fabricmc\fabric-api\fabric-key-binding-api-v1-dd7674af\1.0.38+1802ada577\fabric-key-binding-api-v1-dd7674af-1.0.38+1802ada577.jar
[Architectury Transformer DEBUG]  - C:\Users\Aidan\IdeaProjects\SVC Holograms\.gradle\loom-cache\remapped_mods\remapped\net\fabricmc\fabric-api\fabric-resource-conditions-api-v1-dd7674af\2.3.9+1802ada577\fabric-resource-conditions-api-v1-dd7674af-2.3.9+1802ada577.jar
[Architectury Transformer DEBUG]  - C:\Users\Aidan\IdeaProjects\SVC Holograms\.gradle\loom-cache\remapped_mods\remapped\net\fabricmc\fabric-api\fabric-resource-loader-v0-dd7674af\0.11.12+fb82e9d777\fabric-resource-loader-v0-dd7674af-0.11.12+fb82e9d777.jar
[Architectury Transformer DEBUG]  - C:\Users\Aidan\IdeaProjects\SVC Holograms\.gradle\loom-cache\remapped_mods\remapped\net\fabricmc\fabric-api\fabric-sound-api-v1-dd7674af\1.0.14+1802ada577\fabric-sound-api-v1-dd7674af-1.0.14+1802ada577.jar
[Architectury Transformer DEBUG]  - C:\Users\Aidan\IdeaProjects\SVC Holograms\.gradle\loom-cache\remapped_mods\remapped\net\fabricmc\fabric-api\fabric-transitive-access-wideners-v1-dd7674af\4.3.2+1802ada577\fabric-transitive-access-wideners-v1-dd7674af-4.3.2+1802ada577.jar
[Architectury Transformer] Read classpath in 1.277 s
[Architectury Transformer DEBUG] Closed File Systems for C:\Users\Aidan\IdeaProjects\SVC Holograms\common\build\devlibs\svc-common-1.0-SNAPSHOT-dev.jar
[Architectury Transformer DEBUG] Transforming 5 transformer(s) from C:\Users\Aidan\IdeaProjects\SVC Holograms\common\build\devlibs\svc-common-1.0-SNAPSHOT-dev.jar to C:\Users\Aidan\AppData\Local\Temp\8724224631371992952.jar: 
[Architectury Transformer DEBUG]  - dev.architectury.transformer.transformers.RuntimeMixinRefmapDetector@1a6b250e
[Architectury Transformer DEBUG]  - dev.architectury.transformer.transformers.GenerateFakeFabricMod@37ad8e66
[Architectury Transformer DEBUG]  - dev.architectury.transformer.transformers.TransformExpectPlatform@786b6aeb
[Architectury Transformer DEBUG]  - dev.architectury.transformer.transformers.RemapInjectables@2cb00f5d
[Architectury Transformer DEBUG]  - dev.architectury.transformer.transformers.TransformPlatformOnly@6f301c90
[Architectury Transformer DEBUG] Transforming from C:\Users\Aidan\IdeaProjects\SVC Holograms\common\build\devlibs\svc-common-1.0-SNAPSHOT-dev.jar to C:\Users\Aidan\AppData\Local\Temp\8724224631371992952.jar with 5 transformer(s) on dev.architectury.transformer.handler.SimpleTransformerHandler
[Architectury Transformer DEBUG] Found class transformer
[Architectury Transformer DEBUG] Writing mod/syconn/svc/blockentity/HoloProjectorBlockEntity with maxs=true frames=true
[Architectury Transformer DEBUG] Writing mod/syconn/svc/blockentity/SyncedBlockEntity with maxs=true frames=true
[Architectury Transformer DEBUG] Writing mod/syconn/svc/blocks/HoloProjectorBlock with maxs=true frames=true
[Architectury Transformer DEBUG] Writing mod/syconn/svc/client/ClientHooks with maxs=true frames=true
[Architectury Transformer DEBUG] Writing mod/syconn/svc/client/render/blockentity/HoloProjectorBlockEntityRenderer with maxs=true frames=true
[Architectury Transformer DEBUG] Writing mod/syconn/svc/client/render/debug/HoloProjectorDebugRenderer with maxs=true frames=true
[Architectury Transformer DEBUG] Writing mod/syconn/svc/client/render/entity/HologramRenderer with maxs=true frames=true
[Architectury Transformer DEBUG] Writing mod/syconn/svc/client/render/item/HoloProjectorItemRenderer with maxs=true frames=true
[Architectury Transformer DEBUG] Writing mod/syconn/svc/client/screen/components/buttons/CallButton$Type with maxs=true frames=true
[Architectury Transformer DEBUG] Writing mod/syconn/svc/client/screen/components/buttons/CallButton with maxs=true frames=true
[Architectury Transformer DEBUG] Writing mod/syconn/svc/client/screen/components/buttons/ExpandedButton with maxs=true frames=true
[Architectury Transformer DEBUG] Writing mod/syconn/svc/client/screen/components/buttons/RefreshButton$OnPress with maxs=true frames=true
[Architectury Transformer DEBUG] Writing mod/syconn/svc/client/screen/components/buttons/RefreshButton with maxs=true frames=true
[Architectury Transformer DEBUG] Writing mod/syconn/svc/client/screen/components/buttons/ToggleButton$Color with maxs=true frames=true
[Architectury Transformer DEBUG] Writing mod/syconn/svc/client/screen/components/buttons/ToggleButton$OnPress with maxs=true frames=true
[Architectury Transformer DEBUG] Writing mod/syconn/svc/client/screen/components/buttons/ToggleButton with maxs=true frames=true
[Architectury Transformer DEBUG] Writing mod/syconn/svc/client/screen/components/CallMenuWidget$MenuData with maxs=true frames=true
[Architectury Transformer DEBUG] Writing mod/syconn/svc/client/screen/components/CallMenuWidget with maxs=true frames=true
[Architectury Transformer DEBUG] Writing mod/syconn/svc/client/screen/components/ErrorWidget with maxs=true frames=true
[Architectury Transformer DEBUG] Writing mod/syconn/svc/client/screen/components/PlayerCountWidget with maxs=true frames=true
[Architectury Transformer DEBUG] Writing mod/syconn/svc/client/screen/components/ScrollerWidget with maxs=true frames=true
[Architectury Transformer DEBUG] Writing mod/syconn/svc/client/screen/HologramScreen$Page with maxs=true frames=true
[Architectury Transformer DEBUG] Writing mod/syconn/svc/client/screen/HologramScreen with maxs=true frames=true
[Architectury Transformer DEBUG] Writing mod/syconn/svc/client/sounds/HoloProjectorSoundInstance with maxs=true frames=true
[Architectury Transformer DEBUG] Writing mod/syconn/svc/client/SVCClient with maxs=true frames=true
[Architectury Transformer DEBUG] Writing mod/syconn/svc/core/ModBlockEntities with maxs=true frames=true
[Architectury Transformer DEBUG] Writing mod/syconn/svc/core/ModBlocks with maxs=true frames=true
[Architectury Transformer DEBUG] Writing mod/syconn/svc/core/ModItems with maxs=true frames=true
[Architectury Transformer DEBUG] Writing mod/syconn/svc/core/ModSounds with maxs=true frames=true
[Architectury Transformer DEBUG] Writing mod/syconn/svc/item/HoloProjectorItem with maxs=true frames=true
[Architectury Transformer DEBUG] Writing mod/syconn/svc/mixin/client/ItemRendererInvoker with maxs=true frames=true
[Architectury Transformer DEBUG] Writing mod/syconn/svc/mixin/client/LevelRendererMixin with maxs=true frames=true
[Architectury Transformer DEBUG] Writing mod/syconn/svc/mixin/client/MinecraftAccessor with maxs=true frames=true
[Architectury Transformer DEBUG] Writing mod/syconn/svc/network/Network with maxs=true frames=true
[Architectury Transformer DEBUG] Writing mod/syconn/svc/network/packets/client/MessagePlayerPacket with maxs=true frames=true
[Architectury Transformer DEBUG] Writing mod/syconn/svc/network/packets/client/RequestedHologramPacket with maxs=true frames=true
[Architectury Transformer DEBUG] Writing mod/syconn/svc/network/packets/client/UpdateProjectorCache with maxs=true frames=true
[Architectury Transformer DEBUG] Writing mod/syconn/svc/network/packets/server/HoloCallPacket$Type with maxs=true frames=true
[Architectury Transformer DEBUG] Writing mod/syconn/svc/network/packets/server/HoloCallPacket with maxs=true frames=true
[Architectury Transformer DEBUG] Writing mod/syconn/svc/network/packets/server/RequestHologramPacket with maxs=true frames=true
[Architectury Transformer DEBUG] Writing mod/syconn/svc/server/savedData/extra/CallData$BlockReceiver with maxs=true frames=true
[Architectury Transformer DEBUG] Writing mod/syconn/svc/server/savedData/extra/CallData$Call with maxs=true frames=true
[Architectury Transformer DEBUG] Writing mod/syconn/svc/server/savedData/extra/CallData$Callee with maxs=true frames=true
[Architectury Transformer DEBUG] Writing mod/syconn/svc/server/savedData/extra/CallData$CallManager with maxs=true frames=true
[Architectury Transformer DEBUG] Writing mod/syconn/svc/server/savedData/extra/CallData$ReceiverType with maxs=true frames=true
[Architectury Transformer DEBUG] Writing mod/syconn/svc/server/savedData/extra/CallData with maxs=true frames=true
[Architectury Transformer DEBUG] Writing mod/syconn/svc/server/savedData/HologramNetwork with maxs=true frames=true
[Architectury Transformer DEBUG] Writing mod/syconn/svc/server/SVCServer with maxs=true frames=true
[Architectury Transformer DEBUG] Writing mod/syconn/svc/SVC with maxs=true frames=true
[Architectury Transformer DEBUG] Writing mod/syconn/svc/utils/block/WorldPos with maxs=true frames=true
[Architectury Transformer DEBUG] Writing mod/syconn/svc/utils/client/HologramData$1 with maxs=true frames=true
[Architectury Transformer DEBUG] Writing mod/syconn/svc/utils/client/HologramData$HologramTag with maxs=true frames=true
[Architectury Transformer DEBUG] Writing mod/syconn/svc/utils/client/HologramData with maxs=true frames=true
[Architectury Transformer DEBUG] Writing mod/syconn/svc/utils/Constants with maxs=true frames=true
[Architectury Transformer DEBUG] Writing mod/syconn/svc/utils/generic/AnimationUtil with maxs=true frames=true
[Architectury Transformer DEBUG] Writing mod/syconn/svc/utils/generic/ColorUtil$TintMode with maxs=true frames=true
[Architectury Transformer DEBUG] Writing mod/syconn/svc/utils/generic/ColorUtil with maxs=true frames=true
[Architectury Transformer DEBUG] Writing mod/syconn/svc/utils/generic/FontUtil with maxs=true frames=true
[Architectury Transformer DEBUG] Writing mod/syconn/svc/utils/generic/GraphicsUtil with maxs=true frames=true
[Architectury Transformer DEBUG] Writing mod/syconn/svc/utils/generic/ListUtil with maxs=true frames=true
[Architectury Transformer DEBUG] Writing mod/syconn/svc/utils/generic/MapUtil with maxs=true frames=true
[Architectury Transformer DEBUG] Writing mod/syconn/svc/utils/generic/MathUtil$1 with maxs=true frames=true
[Architectury Transformer DEBUG] Writing mod/syconn/svc/utils/generic/MathUtil with maxs=true frames=true
[Architectury Transformer DEBUG] Writing mod/syconn/svc/utils/generic/ModelUtil with maxs=true frames=true
[Architectury Transformer DEBUG] Writing mod/syconn/svc/utils/generic/NBTUtil with maxs=true frames=true
[Architectury Transformer DEBUG] Writing mod/syconn/svc/utils/generic/ResourceUtil with maxs=true frames=true
[Architectury Transformer DEBUG] Writing mod/syconn/svc/utils/interfaces/IEntityBlock with maxs=true frames=true
[Architectury Transformer DEBUG] Writing mod/syconn/svc/utils/interfaces/IItemExtensions with maxs=true frames=true
[Architectury Transformer DEBUG] Writing mod/syconn/svc/utils/interfaces/IModifiedItemRenderer with maxs=true frames=true
[Architectury Transformer DEBUG] Writing mod/syconn/svc/utils/interfaces/IModifiedPoseRenderer with maxs=true frames=true
[Architectury Transformer DEBUG] Writing mod/syconn/svc/utils/interfaces/IWidgetComponent with maxs=true frames=true
[Architectury Transformer DEBUG] Checking whether /svc.mixins.json is a mixin config.
[Architectury Transformer DEBUG] Closed File Systems for C:\Users\Aidan\AppData\Local\Temp\8724224631371992952.jar
[Architectury Transformer] Listening at C:\Users\Aidan\IdeaProjects\SVC Holograms\common\build\devlibs\svc-common-1.0-SNAPSHOT-dev.jar
[Architectury Transformer DEBUG] Temporary jar [C:\Users\Aidan\AppData\Local\Temp\8724224631371992952.jar] contains packages: mod.syconn.svc.client.screen, mod.syconn.svc.client.screen.components.buttons, mod.syconn.svc.client.render.debug, mod.syconn.svc.blockentity, mod.syconn.svc.network.packets.client, mod.syconn.svc.server.savedData.extra, mod.syconn.svc.client.render.blockentity, mod.syconn.svc.server, mod.syconn.svc.network, mod.syconn.svc.item, mod.syconn.svc.server.savedData, mod.syconn.svc.client, mod.syconn.svc.core, mod.syconn.svc.client.render.entity, mod.syconn.svc, mod.syconn.svc.utils.client, mod.syconn.svc.utils.block, mod.syconn.svc.client.sounds, mod.syconn.svc.blocks, mod.syconn.svc.utils.interfaces, mod.syconn.svc.utils, mod.syconn.svc.mixin.client, mod.syconn.svc.utils.generic, mod.syconn.svc.network.packets.server, mod.syconn.svc.client.render.item, mod.syconn.svc.client.screen.components
[Architectury Transformer DEBUG] Closed File Systems for C:\Users\Aidan\IdeaProjects\SVC Holograms\common\build\devlibs\svc-common-1.0-SNAPSHOT-dev.jar
[Architectury Transformer DEBUG] Classpath entry [C:\Users\Aidan\IdeaProjects\SVC Holograms\fabric\build\classes\java\main] contains packages: mod.syconn.svc.fabric, mod.syconn.svc.fabric.client
[Architectury Transformer DEBUG] Classpath entry [C:\Users\Aidan\IdeaProjects\SVC Holograms\fabric\build\resources\main] contains packages: 
[Architectury Transformer DEBUG] Transforming from mod/syconn/svc/mixin/client/MinecraftAccessor.class to mod/syconn/svc/mixin/client/MinecraftAccessor.class with 5 transformer(s) on dev.architectury.transformer.handler.TinyRemapperPreparedTransformerHandler
[Architectury Transformer DEBUG] Found class transformer
[Architectury Transformer DEBUG] Writing mod/syconn/svc/mixin/client/MinecraftAccessor with maxs=true frames=true
[Architectury Transformer DEBUG] Transformed mod/syconn/svc/mixin/client/MinecraftAccessor in 1.164 ms
[Architectury Transformer DEBUG] Transforming from mod/syconn/svc/SVC.class to mod/syconn/svc/SVC.class with 5 transformer(s) on dev.architectury.transformer.handler.TinyRemapperPreparedTransformerHandler
[Architectury Transformer DEBUG] Found class transformer
[Architectury Transformer DEBUG] Writing mod/syconn/svc/SVC with maxs=true frames=true
[Architectury Transformer DEBUG] Transformed mod/syconn/svc/SVC in 993.8 μs
[Architectury Transformer DEBUG] Transforming from mod/syconn/svc/core/ModBlocks.class to mod/syconn/svc/core/ModBlocks.class with 5 transformer(s) on dev.architectury.transformer.handler.TinyRemapperPreparedTransformerHandler
[Architectury Transformer DEBUG] Found class transformer
[Architectury Transformer DEBUG] Writing mod/syconn/svc/core/ModBlocks with maxs=true frames=true
[Architectury Transformer DEBUG] Transformed mod/syconn/svc/core/ModBlocks in 492.1 μs
[Architectury Transformer DEBUG] Transforming from mod/syconn/svc/blocks/HoloProjectorBlock.class to mod/syconn/svc/blocks/HoloProjectorBlock.class with 5 transformer(s) on dev.architectury.transformer.handler.TinyRemapperPreparedTransformerHandler
[Architectury Transformer DEBUG] Found class transformer
[Architectury Transformer DEBUG] Writing mod/syconn/svc/blocks/HoloProjectorBlock with maxs=true frames=true
[Architectury Transformer DEBUG] Transformed mod/syconn/svc/blocks/HoloProjectorBlock in 1.273 ms
[Architectury Transformer DEBUG] Transforming from mod/syconn/svc/utils/interfaces/IEntityBlock.class to mod/syconn/svc/utils/interfaces/IEntityBlock.class with 5 transformer(s) on dev.architectury.transformer.handler.TinyRemapperPreparedTransformerHandler
[Architectury Transformer DEBUG] Found class transformer
[Architectury Transformer DEBUG] Writing mod/syconn/svc/utils/interfaces/IEntityBlock with maxs=true frames=true
[Architectury Transformer DEBUG] Transformed mod/syconn/svc/utils/interfaces/IEntityBlock in 238.8 μs
[Architectury Transformer DEBUG] Transforming from mod/syconn/svc/blockentity/HoloProjectorBlockEntity.class to mod/syconn/svc/blockentity/HoloProjectorBlockEntity.class with 5 transformer(s) on dev.architectury.transformer.handler.TinyRemapperPreparedTransformerHandler
[Architectury Transformer DEBUG] Found class transformer
[Architectury Transformer DEBUG] Writing mod/syconn/svc/blockentity/HoloProjectorBlockEntity with maxs=true frames=true
[Architectury Transformer DEBUG] Transformed mod/syconn/svc/blockentity/HoloProjectorBlockEntity in 312.5 μs
[Architectury Transformer DEBUG] Transforming from mod/syconn/svc/blockentity/SyncedBlockEntity.class to mod/syconn/svc/blockentity/SyncedBlockEntity.class with 5 transformer(s) on dev.architectury.transformer.handler.TinyRemapperPreparedTransformerHandler
[Architectury Transformer DEBUG] Found class transformer
[Architectury Transformer DEBUG] Writing mod/syconn/svc/blockentity/SyncedBlockEntity with maxs=true frames=true
[Architectury Transformer DEBUG] Transformed mod/syconn/svc/blockentity/SyncedBlockEntity in 289.3 μs
[Architectury Transformer DEBUG] Transforming from mod/syconn/svc/core/ModItems.class to mod/syconn/svc/core/ModItems.class with 5 transformer(s) on dev.architectury.transformer.handler.TinyRemapperPreparedTransformerHandler
[Architectury Transformer DEBUG] Found class transformer
[Architectury Transformer DEBUG] Writing mod/syconn/svc/core/ModItems with maxs=true frames=true
[Architectury Transformer DEBUG] Transformed mod/syconn/svc/core/ModItems in 563.6 μs
[Architectury Transformer DEBUG] Transforming from mod/syconn/svc/item/HoloProjectorItem.class to mod/syconn/svc/item/HoloProjectorItem.class with 5 transformer(s) on dev.architectury.transformer.handler.TinyRemapperPreparedTransformerHandler
[Architectury Transformer DEBUG] Found class transformer
[Architectury Transformer DEBUG] Writing mod/syconn/svc/item/HoloProjectorItem with maxs=true frames=true
[Architectury Transformer DEBUG] Transformed mod/syconn/svc/item/HoloProjectorItem in 511.2 μs
[Architectury Transformer DEBUG] Transforming from mod/syconn/svc/utils/interfaces/IItemExtensions.class to mod/syconn/svc/utils/interfaces/IItemExtensions.class with 5 transformer(s) on dev.architectury.transformer.handler.TinyRemapperPreparedTransformerHandler
[Architectury Transformer DEBUG] Found class transformer
[Architectury Transformer DEBUG] Writing mod/syconn/svc/utils/interfaces/IItemExtensions with maxs=true frames=true
[Architectury Transformer DEBUG] Transformed mod/syconn/svc/utils/interfaces/IItemExtensions in 255.0 μs
[Architectury Transformer DEBUG] Transforming from mod/syconn/svc/core/ModSounds.class to mod/syconn/svc/core/ModSounds.class with 5 transformer(s) on dev.architectury.transformer.handler.TinyRemapperPreparedTransformerHandler
[Architectury Transformer DEBUG] Found class transformer
[Architectury Transformer DEBUG] Writing mod/syconn/svc/core/ModSounds with maxs=true frames=true
[Architectury Transformer DEBUG] Transformed mod/syconn/svc/core/ModSounds in 559.7 μs
[Architectury Transformer DEBUG] Transforming from mod/syconn/svc/utils/Constants.class to mod/syconn/svc/utils/Constants.class with 5 transformer(s) on dev.architectury.transformer.handler.TinyRemapperPreparedTransformerHandler
[Architectury Transformer DEBUG] Found class transformer
[Architectury Transformer DEBUG] Writing mod/syconn/svc/utils/Constants with maxs=true frames=true
[Architectury Transformer DEBUG] Transformed mod/syconn/svc/utils/Constants in 319.0 μs
[Architectury Transformer DEBUG] Transforming from mod/syconn/svc/core/ModBlockEntities.class to mod/syconn/svc/core/ModBlockEntities.class with 5 transformer(s) on dev.architectury.transformer.handler.TinyRemapperPreparedTransformerHandler
[Architectury Transformer DEBUG] Found class transformer
[Architectury Transformer DEBUG] Writing mod/syconn/svc/core/ModBlockEntities with maxs=true frames=true
[Architectury Transformer DEBUG] Transformed mod/syconn/svc/core/ModBlockEntities in 466.4 μs
[Architectury Transformer DEBUG] Transforming from mod/syconn/svc/network/Network.class to mod/syconn/svc/network/Network.class with 5 transformer(s) on dev.architectury.transformer.handler.TinyRemapperPreparedTransformerHandler
[Architectury Transformer DEBUG] Found class transformer
[Architectury Transformer DEBUG] Writing mod/syconn/svc/network/Network with maxs=true frames=true
[Architectury Transformer DEBUG] Transformed mod/syconn/svc/network/Network in 604.8 μs
[Architectury Transformer DEBUG] Transforming from mod/syconn/svc/network/packets/server/HoloCallPacket.class to mod/syconn/svc/network/packets/server/HoloCallPacket.class with 5 transformer(s) on dev.architectury.transformer.handler.TinyRemapperPreparedTransformerHandler
[Architectury Transformer DEBUG] Found class transformer
[Architectury Transformer DEBUG] Writing mod/syconn/svc/network/packets/server/HoloCallPacket with maxs=true frames=true
[Architectury Transformer DEBUG] Transformed mod/syconn/svc/network/packets/server/HoloCallPacket in 543.9 μs
[Architectury Transformer DEBUG] Transforming from mod/syconn/svc/network/packets/server/HoloCallPacket$Type.class to mod/syconn/svc/network/packets/server/HoloCallPacket$Type.class with 5 transformer(s) on dev.architectury.transformer.handler.TinyRemapperPreparedTransformerHandler
[Architectury Transformer DEBUG] Found class transformer
[Architectury Transformer DEBUG] Writing mod/syconn/svc/network/packets/server/HoloCallPacket$Type with maxs=true frames=true
[Architectury Transformer DEBUG] Transformed mod/syconn/svc/network/packets/server/HoloCallPacket$Type in 397.4 μs
[Architectury Transformer DEBUG] Transforming from mod/syconn/svc/network/packets/client/RequestedHologramPacket.class to mod/syconn/svc/network/packets/client/RequestedHologramPacket.class with 5 transformer(s) on dev.architectury.transformer.handler.TinyRemapperPreparedTransformerHandler
[Architectury Transformer DEBUG] Found class transformer
[Architectury Transformer DEBUG] Writing mod/syconn/svc/network/packets/client/RequestedHologramPacket with maxs=true frames=true
[Architectury Transformer DEBUG] Transformed mod/syconn/svc/network/packets/client/RequestedHologramPacket in 509.4 μs
[Architectury Transformer DEBUG] Transforming from mod/syconn/svc/network/packets/server/RequestHologramPacket.class to mod/syconn/svc/network/packets/server/RequestHologramPacket.class with 5 transformer(s) on dev.architectury.transformer.handler.TinyRemapperPreparedTransformerHandler
[Architectury Transformer DEBUG] Found class transformer
[Architectury Transformer DEBUG] Writing mod/syconn/svc/network/packets/server/RequestHologramPacket with maxs=true frames=true
[Architectury Transformer DEBUG] Transformed mod/syconn/svc/network/packets/server/RequestHologramPacket in 387.6 μs
[Architectury Transformer DEBUG] Transforming from mod/syconn/svc/network/packets/client/MessagePlayerPacket.class to mod/syconn/svc/network/packets/client/MessagePlayerPacket.class with 5 transformer(s) on dev.architectury.transformer.handler.TinyRemapperPreparedTransformerHandler
[Architectury Transformer DEBUG] Found class transformer
[Architectury Transformer DEBUG] Writing mod/syconn/svc/network/packets/client/MessagePlayerPacket with maxs=true frames=true
[Architectury Transformer DEBUG] Transformed mod/syconn/svc/network/packets/client/MessagePlayerPacket in 343.7 μs
[Architectury Transformer DEBUG] Transforming from mod/syconn/svc/network/packets/client/UpdateProjectorCache.class to mod/syconn/svc/network/packets/client/UpdateProjectorCache.class with 5 transformer(s) on dev.architectury.transformer.handler.TinyRemapperPreparedTransformerHandler
[Architectury Transformer DEBUG] Found class transformer
[Architectury Transformer DEBUG] Writing mod/syconn/svc/network/packets/client/UpdateProjectorCache with maxs=true frames=true
[Architectury Transformer DEBUG] Transformed mod/syconn/svc/network/packets/client/UpdateProjectorCache in 384.1 μs
[Architectury Transformer DEBUG] Transforming from mod/syconn/svc/client/SVCClient.class to mod/syconn/svc/client/SVCClient.class with 5 transformer(s) on dev.architectury.transformer.handler.TinyRemapperPreparedTransformerHandler
[Architectury Transformer DEBUG] Found class transformer
[Architectury Transformer DEBUG] Writing mod/syconn/svc/client/SVCClient with maxs=true frames=true
[Architectury Transformer DEBUG] Transformed mod/syconn/svc/client/SVCClient in 305.6 μs
[Architectury Transformer DEBUG] Transforming from mod/syconn/svc/utils/interfaces/IModifiedItemRenderer.class to mod/syconn/svc/utils/interfaces/IModifiedItemRenderer.class with 5 transformer(s) on dev.architectury.transformer.handler.TinyRemapperPreparedTransformerHandler
[Architectury Transformer DEBUG] Found class transformer
[Architectury Transformer DEBUG] Writing mod/syconn/svc/utils/interfaces/IModifiedItemRenderer with maxs=true frames=true
[Architectury Transformer DEBUG] Transformed mod/syconn/svc/utils/interfaces/IModifiedItemRenderer in 302.9 μs
[Architectury Transformer DEBUG] Transforming from mod/syconn/svc/utils/interfaces/IModifiedPoseRenderer.class to mod/syconn/svc/utils/interfaces/IModifiedPoseRenderer.class with 5 transformer(s) on dev.architectury.transformer.handler.TinyRemapperPreparedTransformerHandler
[Architectury Transformer DEBUG] Found class transformer
[Architectury Transformer DEBUG] Writing mod/syconn/svc/utils/interfaces/IModifiedPoseRenderer with maxs=true frames=true
[Architectury Transformer DEBUG] Transformed mod/syconn/svc/utils/interfaces/IModifiedPoseRenderer in 158.3 μs
[Architectury Transformer DEBUG] Transforming from mod/syconn/svc/client/render/item/HoloProjectorItemRenderer.class to mod/syconn/svc/client/render/item/HoloProjectorItemRenderer.class with 5 transformer(s) on dev.architectury.transformer.handler.TinyRemapperPreparedTransformerHandler
[Architectury Transformer DEBUG] Found class transformer
[Architectury Transformer DEBUG] Writing mod/syconn/svc/client/render/item/HoloProjectorItemRenderer with maxs=true frames=true
[Architectury Transformer DEBUG] Transformed mod/syconn/svc/client/render/item/HoloProjectorItemRenderer in 572.3 μs
[Architectury Transformer DEBUG] Transforming from mod/syconn/svc/server/SVCServer.class to mod/syconn/svc/server/SVCServer.class with 5 transformer(s) on dev.architectury.transformer.handler.TinyRemapperPreparedTransformerHandler
[Architectury Transformer DEBUG] Found class transformer
[Architectury Transformer DEBUG] Writing mod/syconn/svc/server/SVCServer with maxs=true frames=true
[Architectury Transformer DEBUG] Transformed mod/syconn/svc/server/SVCServer in 325.1 μs
[Architectury Transformer DEBUG] Transforming from mod/syconn/svc/client/render/blockentity/HoloProjectorBlockEntityRenderer.class to mod/syconn/svc/client/render/blockentity/HoloProjectorBlockEntityRenderer.class with 5 transformer(s) on dev.architectury.transformer.handler.TinyRemapperPreparedTransformerHandler
[Architectury Transformer DEBUG] Found class transformer
[Architectury Transformer DEBUG] Writing mod/syconn/svc/client/render/blockentity/HoloProjectorBlockEntityRenderer with maxs=true frames=true
[Architectury Transformer DEBUG] Transformed mod/syconn/svc/client/render/blockentity/HoloProjectorBlockEntityRenderer in 562.1 μs
[Architectury Transformer DEBUG] Transforming from mod/syconn/svc/mixin/client/ItemRendererInvoker.class to mod/syconn/svc/mixin/client/ItemRendererInvoker.class with 5 transformer(s) on dev.architectury.transformer.handler.TinyRemapperPreparedTransformerHandler
[Architectury Transformer DEBUG] Found class transformer
[Architectury Transformer DEBUG] Writing mod/syconn/svc/mixin/client/ItemRendererInvoker with maxs=true frames=true
[Architectury Transformer DEBUG] Transformed mod/syconn/svc/mixin/client/ItemRendererInvoker in 483.5 μs
[Architectury Transformer DEBUG] Transforming from mod/syconn/svc/utils/generic/NBTUtil.class to mod/syconn/svc/utils/generic/NBTUtil.class with 5 transformer(s) on dev.architectury.transformer.handler.TinyRemapperPreparedTransformerHandler
[Architectury Transformer DEBUG] Found class transformer
[Architectury Transformer DEBUG] Writing mod/syconn/svc/utils/generic/NBTUtil with maxs=true frames=true
[Architectury Transformer DEBUG] Transformed mod/syconn/svc/utils/generic/NBTUtil in 1.371 ms
[Architectury Transformer DEBUG] Transforming from mod/syconn/svc/server/savedData/HologramNetwork.class to mod/syconn/svc/server/savedData/HologramNetwork.class with 5 transformer(s) on dev.architectury.transformer.handler.TinyRemapperPreparedTransformerHandler
[Architectury Transformer DEBUG] Found class transformer
[Architectury Transformer DEBUG] Writing mod/syconn/svc/server/savedData/HologramNetwork with maxs=true frames=true
[Architectury Transformer DEBUG] Transformed mod/syconn/svc/server/savedData/HologramNetwork in 658.1 μs
[Architectury Transformer DEBUG] Transforming from mod/syconn/svc/server/savedData/extra/CallData$CallManager.class to mod/syconn/svc/server/savedData/extra/CallData$CallManager.class with 5 transformer(s) on dev.architectury.transformer.handler.TinyRemapperPreparedTransformerHandler
[Architectury Transformer DEBUG] Found class transformer
[Architectury Transformer DEBUG] Writing mod/syconn/svc/server/savedData/extra/CallData$CallManager with maxs=true frames=true
[Architectury Transformer DEBUG] Transformed mod/syconn/svc/server/savedData/extra/CallData$CallManager in 841.8 μs
[Architectury Transformer DEBUG] Transforming from mod/syconn/svc/server/savedData/extra/CallData.class to mod/syconn/svc/server/savedData/extra/CallData.class with 5 transformer(s) on dev.architectury.transformer.handler.TinyRemapperPreparedTransformerHandler
[Architectury Transformer DEBUG] Found class transformer
[Architectury Transformer DEBUG] Writing mod/syconn/svc/server/savedData/extra/CallData with maxs=true frames=true
[Architectury Transformer DEBUG] Transformed mod/syconn/svc/server/savedData/extra/CallData in 153.6 μs
[Architectury Transformer DEBUG] Transforming from mod/syconn/svc/server/savedData/extra/CallData$Call.class to mod/syconn/svc/server/savedData/extra/CallData$Call.class with 5 transformer(s) on dev.architectury.transformer.handler.TinyRemapperPreparedTransformerHandler
[Architectury Transformer DEBUG] Found class transformer
[Architectury Transformer DEBUG] Writing mod/syconn/svc/server/savedData/extra/CallData$Call with maxs=true frames=true
[Architectury Transformer DEBUG] Transformed mod/syconn/svc/server/savedData/extra/CallData$Call in 250.4 μs
[Architectury Transformer DEBUG] Transforming from mod/syconn/svc/server/savedData/extra/CallData$BlockReceiver.class to mod/syconn/svc/server/savedData/extra/CallData$BlockReceiver.class with 5 transformer(s) on dev.architectury.transformer.handler.TinyRemapperPreparedTransformerHandler
[Architectury Transformer DEBUG] Found class transformer
[Architectury Transformer DEBUG] Writing mod/syconn/svc/server/savedData/extra/CallData$BlockReceiver with maxs=true frames=true
[Architectury Transformer DEBUG] Transformed mod/syconn/svc/server/savedData/extra/CallData$BlockReceiver in 308.1 μs
[Architectury Transformer DEBUG] Transforming from mod/syconn/svc/client/render/debug/HoloProjectorDebugRenderer.class to mod/syconn/svc/client/render/debug/HoloProjectorDebugRenderer.class with 5 transformer(s) on dev.architectury.transformer.handler.TinyRemapperPreparedTransformerHandler
[Architectury Transformer DEBUG] Found class transformer
[Architectury Transformer DEBUG] Writing mod/syconn/svc/client/render/debug/HoloProjectorDebugRenderer with maxs=true frames=true
[Architectury Transformer DEBUG] Transformed mod/syconn/svc/client/render/debug/HoloProjectorDebugRenderer in 1.146 ms
